WARNING: All log messages before absl::InitializeLog() is called are written to STDERR
E0000 00:00:1790584928.643844   40278 descriptor_database.cc:633] File already exists in database: grpc/health/v1/health.proto
W0000 00:00:1790584928.643889   40278 message.cc:301] Protobuf GeneratedMessageFactory: File is already registered: grpc/health/v1/health.proto
2026-09-28T08:42:08Z [Info] [carb] Logging to file: /root/autodl-tmp/envs/isaacsim-clean/lib/python3.12/site-packages/isaacsim/kit/logs/Kit/Isaac-Sim Python/6.0/kit_20260928_164208.log
[0.080s] [ext: omni.assets.plugins-0.0.0] startup
[0.081s] [ext: omni.blobkey-1.1.2] startup
[0.082s] [ext: omni.kit.async_engine-0.0.3] startup
[0.188s] [ext: omni.client.lib-1.1.1] startup
[0.201s] [ext: omni.client-1.3.0] startup
[0.206s] [ext: omni.protobuf.lib-1.0.0] startup
[0.208s] [ext: omni.grpc.lib-1.0.0] startup
[0.215s] [ext: omni.metrics.core-0.0.3] startup
[0.215s] [ext: omni.datastore-0.0.0] startup
[0.216s] [ext: omni.gpu_foundation.shadercache.vulkan-1.0.0] startup
[0.218s] [ext: omni.hsscclient-1.1.4] startup
[0.218s] [ext: omni.stats-1.0.1] startup
[0.219s] [ext: omni.ujitso.default-1.0.0] startup
[0.224s] [ext: omni.gpu_foundation-0.0.0] startup
[0.487s] [ext: carb.windowing.plugins-1.0.1] startup
[0.488s] [ext: omni.kit.renderer.init-1.0.1] startup
2026-09-28T08:42:09Z [533ms] [Warning] [omni.platforminfo.plugin] failed to open the default display.  Can't verify X Server version.

|---------------------------------------------------------------------------------------------|
| Driver Version: 595.71.05     | Graphics API: Vulkan
|=============================================================================================|
| GPU | Name                             | Active | LDA | GPU Memory | Vendor-ID | LUID       |
|     |                                  |        |     |            | Device-ID | UUID       |
|     |                                  |        |     |            | Bus-ID    |            |
|---------------------------------------------------------------------------------------------|
| 0   | NVIDIA RTX PRO 6000 Blackwell .. | Yes: 0 |     | 97887   MB | 10de      | 0          |
|     |                                  |        |     |            | 2bb5      | 6c84d4ca.. |
|     |                                  |        |     |            | a8        |            |
|=============================================================================================|
| OS: 22.04.5 LTS (Jammy Jellyfish) ubuntu, Version: 22.04.5, Kernel: 5.15.0-78-generic
| Processor: Intel(R) Xeon(R) Platinum 8470Q
| Bare Metal Cores: 104 | Bare Metal Logical Cores: 208
| Core Usage Quota: 22
|---------------------------------------------------------------------------------------------|
| Total Memory (MB): 112640 | Free Memory: 100996
| Total Page/Swap (MB): 0 | Free Page/Swap: 0
|---------------------------------------------------------------------------------------------|
2026-09-28T08:42:09Z [1,416ms] [Warning] [omni.rtx] CPU performance profile is set to powersave. This profile sets the CPU to the lowest frequency reducing performance.
[1.776s] [ext: omni.kit.pipapi-0.0.0] startup
[1.778s] [ext: omni.kit.telemetry-0.5.2] startup
[1.809s] [ext: omni.kit.loop-isaac-1.6.0] startup
[1.811s] [ext: omni.kit.test-2.0.7] startup
[1.868s] [ext: omni.materialx.libs-1.0.9] startup
[1.875s] [ext: omni.gpucompute.plugins-0.0.0] startup
[1.876s] [ext: omni.usd.config-1.0.7] startup
[1.879s] [ext: omni.usd.libs-1.0.3] startup
[1.996s] [ext: omni.iray.libs-0.0.1] startup
[2.003s] [ext: omni.mdl-57.0.3] startup
[2.060s] [ext: omni.mdl.neuraylib-0.2.20] startup
[2.063s] [ext: omni.kit.usd.mdl-1.1.9] startup
[2.178s] [ext: omni.appwindow-1.2.2] startup
[2.181s] [ext: omni.kit.renderer.core-1.2.2] startup
2026-09-28T08:42:10Z [2,153ms] [Warning] [carb.windowing-glfw.plugin] GLFW initialization failed.
2026-09-28T08:42:10Z [2,153ms] [Warning] [carb] Failed to startup plugin carb.windowing-glfw.plugin (interfaces: [carb::windowing::IGLContext v1.0],[carb::windowing::IWindowing v1.5]) (impl: carb.windowing-glfw.plugin)
[2.216s] [ext: omni.kit.renderer.capture-2.0.1] startup
[2.218s] [ext: omni.kit.renderer.imgui-2.0.6] startup
2026-09-28T08:42:10Z [2,175ms] [Warning] [carb.windowing-glfw.plugin] GLFW initialization failed.
2026-09-28T08:42:10Z [2,175ms] [Warning] [carb] Failed to startup plugin carb.windowing-glfw.plugin (interfaces: [carb::windowing::IGLContext v1.0],[carb::windowing::IWindowing v1.5]) (impl: carb.windowing-glfw.plugin)
2026-09-28T08:42:10Z [2,176ms] [Warning] [carb.windowing-glfw.plugin] GLFW initialization failed.
2026-09-28T08:42:10Z [2,176ms] [Warning] [carb] Failed to startup plugin carb.windowing-glfw.plugin (interfaces: [carb::windowing::IGLContext v1.0],[carb::windowing::IWindowing v1.5]) (impl: carb.windowing-glfw.plugin)
[2.283s] [ext: omni.ui-3.2.0] startup
[2.293s] [ext: omni.kit.mainwindow-1.0.3] startup
[2.294s] [ext: carb.audio-0.1.0] startup
[2.323s] [ext: omni.uiaudio-1.0.0] startup
[2.324s] [ext: omni.kit.uiapp-0.0.0] startup
[2.324s] [ext: omni.usd.schema.metrics.assembler-110.1.0] startup
[2.327s] [ext: omni.usd.schema.audio-0.0.1] startup
[2.330s] [ext: omni.usd_resolver-1.0.0] startup
[2.334s] [ext: omni.usd.core-1.8.3] startup
[2.338s] [ext: omni.metropolis.schema-0.0.3] startup
[2.339s] [ext: isaacsim.anim.robot.schema-0.1.1] startup
[2.339s] [ext: omni.usd.schema.anim-0.0.1] startup
[2.361s] [ext: omni.usd.schema.geospatial-0.0.1] startup
[2.363s] [ext: omni.usd.schema.omnigraph-1.0.1] startup
[2.369s] [ext: omni.usd.schema.semantics-0.0.0] startup
[2.372s] [ext: omni.activity.core-1.0.3] startup
[2.373s] [ext: omni.cubric-0.1.0] startup
[2.374s] [ext: omni.graph.exec-0.9.6] startup
[2.374s] [ext: omni.hydra.scene_delegate-0.3.5] startup
[2.378s] [ext: usdrt.scenegraph-7.6.3] startup
[2.405s] [ext: omni.hydra.usdrt_delegate-7.5.2] startup
[2.411s] [ext: omni.inspect-1.0.2] startup
[2.413s] [ext: omni.kit.actions.core-1.0.0] startup
[2.415s] [ext: omni.kit.audiodeviceenum-1.0.2] startup
[2.416s] [ext: omni.kit.commands-1.5.0] startup
[2.419s] [ext: omni.kit.exec.core-0.13.5] startup
[2.421s] [ext: omni.kit.usd_undo-0.1.8] startup
[2.421s] [ext: omni.kit.window.popup_dialog-2.0.25] startup
[2.424s] [ext: omni.kit.widget.nucleus_connector-2.3.1] startup
[2.427s] [ext: omni.timeline-1.1.0] startup
[2.429s] [ext: omni.usd-1.16.0] startup
[2.469s] [ext: omni.graph.core-3.1.2] startup
[2.473s] [ext: omni.kit.notification_manager-1.0.11] startup
[2.475s] [ext: isaacsim.core.deprecation_manager-0.4.2] startup
[2.476s] [ext: isaacsim.replicator.agent.schema-0.1.1] startup
[2.476s] [ext: isaacsim.robot.schema-6.3.7] startup
[2.482s] [ext: isaacsim.robot_motion.schema-0.2.1] startup
[2.482s] [ext: omni.anim.behavior.schema-110.1.0] startup
[2.486s] [ext: omni.anim.graph.schema-110.1.1] startup
[2.492s] [ext: omni.anim.navigation.schema-110.1.0] startup
[2.495s] [ext: omni.behavior.tree.schema-110.1.0] startup
[2.496s] [ext: omni.kit.asset_converter-6.0.1] startup
[2.511s] [ext: omni.usd.schema.flow-110.0.0] startup
[2.511s] [ext: omni.usd.schema.mujoco-1.1.1] startup
[2.512s] [ext: omni.usd.schema.newton-1.2.1] startup
[2.512s] [ext: omni.usd.schema.omni_lens_distortion-1.0.0] startup
[2.513s] [ext: omni.usd.schema.omni_projectors-1.0.0] startup
[2.513s] [ext: omni.usd.schema.omni_sensors-0.0.0] startup
[2.521s] [ext: omni.usd.schema.omniscripting-1.0.1] startup
[2.525s] [ext: omni.usd.schema.physical_lighting-0.1.0] startup
[2.528s] [ext: omni.usd.schema.physx-110.1.13] startup
[2.560s] [ext: omni.usd.schema.render_settings.rtx-1.0.2] startup
[2.563s] [ext: omni.usd.schema.usd_particle_field-1.0.0] startup
[2.564s] [ext: isaacsim.core.version-2.1.1] startup
[2.564s] [ext: omni.kit.menu.core-1.2.0] startup
[2.565s] [ext: omni.kit.menu.utils-2.2.4] startup
[2.572s] [ext: isaacsim.app.about-2.3.1] startup
[2.576s] [ext: isaacsim.asset.transformer-1.2.5] startup
[2.579s] [ext: omni.scene.optimizer.core-110.1.0] startup
[2.637s] [ext: isaacsim.asset.importer.utils-1.8.1] startup
[2.639s] [ext: omni.convexdecomposition-110.1.13] startup
[2.642s] [ext: omni.physics-110.1.13] startup
[2.644s] [ext: omni.physx.gpu-110.1.13] startup
[2.645s] [ext: omni.physx.foundation-110.1.13] startup
[2.646s] [ext: omni.usdphysics-110.1.13] startup
[2.648s] [ext: omni.physx.cooking-110.1.13] startup
[2.651s] [ext: omni.physx-110.1.13] startup
[2.660s] [ext: omni.physics.physx-110.1.13] startup
[2.662s] [ext: isaacsim.asset.exporter.urdf-2.0.5] startup
[2.670s] [ext: omni.kit.clipboard-1.1.1] startup
[2.671s] [ext: omni.kit.usd.layers-2.6.1] startup
[2.678s] [ext: omni.kit.widget.context_menu-1.4.0] startup
[2.679s] [ext: omni.kit.context_menu-1.9.0] startup
[2.680s] [ext: omni.kit.helper.file_utils-0.1.10] startup
[2.682s] [ext: omni.kit.widget.nucleus_info-2.0.2] startup
[2.682s] [ext: omni.kit.search_core-1.0.8] startup
[2.683s] [ext: omni.kit.widget.path_field-2.0.13] startup
[2.683s] [ext: omni.kit.widget.browser_bar-2.0.10] startup
[2.684s] [ext: omni.kit.widget.filebrowser-2.13.4] startup
[2.688s] [ext: omni.kit.widget.options_menu-1.1.6] startup
[2.690s] [ext: omni.kit.widget.options_button-1.0.3] startup
[2.691s] [ext: omni.kit.widget.search_delegate-1.0.9] startup
[2.692s] [ext: omni.ui.scene-2.0.3] startup
[2.696s] [ext: omni.kit.window.filepicker-2.15.5] startup
[2.708s] [ext: omni.kit.window.file_importer-1.1.21] startup
[2.710s] [ext: omni.kit.material.library-3.1.2] startup
[2.715s] [ext: isaacsim.asset.transformer.rules-1.7.10] startup
[2.724s] [ext: omni.usdex.libs-2.2.2] startup
[2.733s] [ext: isaacsim.asset.importer.mjcf-3.10.1] startup
[2.735s] [ext: isaacsim.asset.importer.urdf-3.11.2] startup
[2.739s] [ext: omni.kit.primitive.mesh-1.1.0] startup
[2.741s] [ext: omni.kit.stage_template.core-1.1.22] startup
[2.741s] [ext: omni.kit.stage_templates-2.0.2] startup
[2.743s] [ext: omni.usd.metrics.assembler-110.1.2] startup
[2.746s] [ext: omni.warp.core-1.13.0] startup
[2.921s] [ext: isaacsim.core.experimental.utils-0.17.2] startup
[2.922s] [ext: omni.physics.stageupdate-110.1.13] startup
[2.924s] [ext: omni.physics.tensors-110.1.13] startup
[2.928s] [ext: omni.physx.tensors-110.1.13] startup
[2.932s] [ext: isaacsim.core.simulation_manager-1.15.6] startup
[2.946s] [ext: isaacsim.storage.native-1.9.3] startup
[2.947s] [ext: omni.usd.metrics.assembler.physics-110.1.13] startup
[2.948s] [ext: isaacsim.core.utils-4.1.7] startup
[2.951s] [ext: isaacsim.core.prims-0.11.7] startup
[4.175s] [ext: isaacsim.core.api-5.2.13] startup
[4.186s] [ext: isaacsim.core.cloner-1.7.3] startup
[4.187s] [ext: isaacsim.test.docstring-1.3.2] startup
[4.192s] [ext: isaacsim.core.experimental.prims-1.8.9] startup
[4.217s] [ext: isaacsim.core.experimental.primdata-0.3.2] startup
[4.220s] [ext: omni.graph.tools-1.81.0] startup
[4.245s] [ext: omni.graph-1.142.5] startup
[4.284s] [ext: isaacsim.core.experimental.actuators-0.1.2] startup
[4.304s] [ext: isaacsim.core.experimental.materials-0.7.1] startup
[4.308s] [ext: isaacsim.core.experimental.objects-0.8.1] startup
[4.375s] [ext: omni.hydra.engine.stats-1.0.5] startup
[4.378s] [ext: omni.hydra.rtx.shadercache.vulkan-1.0.0] startup
[4.380s] [ext: omni.index.libs-387500.4413.0] startup
[4.380s] [ext: omni.index-1.0.1] startup
[4.380s] [ext: omni.ujitso.client-0.0.0] startup
[4.381s] [ext: omni.usd.schema.playback-1.0.0] startup
[4.385s] [ext: omni.volume-0.5.2] startup
[4.391s] [ext: omni.hydra.rtx-1.0.4] startup
2026-09-28T08:42:12Z [4,366ms] [Warning] [omni.log] Source: omni.hydra was already registered.
[4.431s] [ext: omni.kit.hydra_texture-1.6.0] startup
[4.435s] [ext: omni.kit.raycast.query-1.2.0] startup
[4.441s] [ext: omni.kit.viewport.legacy_gizmos-1.0.24] startup
[4.444s] [ext: omni.kit.viewport.registry-104.0.6] startup
[4.445s] [ext: omni.kit.viewport.scene_camera_model-1.0.7] startup
[4.449s] [ext: omni.kit.widget.viewport-109.2.0] startup
[4.458s] [ext: omni.kit.window.drop_support-1.0.8] startup
[4.459s] [ext: omni.kit.viewport.window-109.0.2] startup
[4.478s] [ext: omni.kit.viewport.utility-2.0.1] startup
[4.479s] [ext: isaacsim.core.rendering_manager-0.4.3] startup
[4.497s] [ext: omni.graph.action_core-1.1.9] startup
[4.500s] [ext: omni.graph.action_nodes_core-2.11.0] startup
[4.502s] [ext: omni.graph.action_nodes-2.11.0] startup
[4.538s] [ext: omni.graph.action-2.10.2] startup
[4.542s] [ext: omni.graph.image.core-0.6.1] startup
[4.543s] [ext: omni.graph.image.nodes-1.3.1] startup
[4.544s] [ext: omni.graph.nodes_core-2.11.0] startup
[4.551s] [ext: omni.graph.nodes-2.12.0] startup
[4.558s] [ext: omni.kit.hotkeys.core-1.3.12] startup
[4.560s] [ext: omni.kit.property.adapter.core-1.1.1] startup
[4.562s] [ext: omni.kit.property.adapter.usd-1.0.5] startup
[4.564s] [ext: omni.kit.widget.filter-1.1.5] startup
[4.565s] [ext: omni.kit.widget.highlight_label-1.0.3] startup
[4.566s] [ext: omni.kit.widget.searchfield-1.1.8] startup
[4.568s] [ext: omni.kit.window.file_exporter-1.0.36] startup
[4.569s] [ext: omni.kit.widget.stage-4.4.0] startup
[4.579s] [ext: omni.kit.window.content_browser_registry-0.0.6] startup
[4.580s] [ext: omni.kit.window.file-2.0.10] startup
[4.584s] [ext: omni.kit.window.content_browser-3.1.8] startup
[4.596s] [ext: omni.kit.window.property-1.15.1] startup
[4.608s] [ext: omni.kit.property.usd-4.9.4] startup
[4.620s] [ext: omni.graph.scriptnode-2.10.2] startup
[4.633s] [ext: omni.kit.widget.searchable_combobox-1.0.7] startup
[4.634s] [ext: omni.kit.widget.settings-2.0.0] startup
[4.636s] [ext: omni.kit.window.preferences-1.8.3] startup
[4.642s] [ext: omni.kit.viewport.menubar.core-107.2.2] startup
[4.653s] [ext: omni.syntheticdata-0.6.15] startup
[4.689s] [ext: omni.replicator.nv-1.1.1] startup
[4.697s] [ext: omni.videoencoding-0.2.1] startup
[4.700s] [ext: omni.replicator.core-1.13.27] startup
2026-09-28T08:42:13Z [4,664ms] [Warning] [pxr.Semantics] pxr.Semantics is deprecated - please use Semantics instead
2026-09-28T08:42:13Z [4,755ms] [Warning] [omni.replicator.core.scripts.extension] No material configuration file, adding configuration to material settings directly.
[4.949s] [ext: isaacsim.core.nodes-5.10.5] startup
[4.987s] [ext: isaacsim.core.throttling-2.3.5] startup
[4.988s] [ext: omni.kit.manipulator.viewport-107.0.1] startup
[4.990s] [ext: omni.graph.visualization.nodes-2.1.4] startup
[5.008s] [ext: omni.kit.window.extensions-1.5.10] startup
[5.014s] [ext: isaacsim.gui.components-1.8.5] startup
[5.023s] [ext: isaacsim.robot.surface_gripper-3.6.2] startup
[5.037s] [ext: isaacsim.robot.manipulators-3.4.4] startup
[5.051s] [ext: isaacsim.robot_motion.lula-4.1.3] startup
[5.059s] [ext: isaacsim.robot_motion.motion_generation-8.2.9] startup
[5.066s] [ext: isaacsim.cortex.framework-1.0.18] startup
[5.068s] [ext: isaacsim.cortex.behaviors-2.0.17] startup
[5.070s] [ext: isaacsim.examples.base-1.3.2] startup
[5.073s] [ext: omni.kit.widget.zoombar-1.0.7] startup
[5.074s] [ext: omni.kit.browser.core-2.3.18] startup
[5.078s] [ext: omni.kit.browser.folder.core-2.0.2] startup
[5.083s] [ext: omni.kit.widget.stage_icons-1.0.8] startup
[5.084s] [ext: omni.kit.window.stage-2.6.1] startup
[5.089s] [ext: omni.kit.menu.stage-1.2.7] startup
[5.090s] [ext: omni.kit.usd.collect-3.0.6] startup
[5.093s] [ext: omni.kit.widget.prompt-1.0.7] startup
[5.095s] [ext: omni.kit.tool.collect-2.2.19] startup
[5.097s] [ext: isaacsim.examples.browser-0.3.2] startup
[5.100s] [ext: omni.kit.search.files-1.0.4] startup
[5.101s] [ext: omni.kit.widget.calendar-1.0.9] startup
[5.103s] [ext: omni.kit.widget.extended_searchfield-1.0.31] startup
[5.113s] [ext: omni.simready.content.browser-0.3.7] startup
[5.208s] [ext: isaacsim.gui.content_browser-0.4.3] startup
[5.212s] [ext: omni.kit.selection-0.1.6] startup
[5.213s] [ext: isaacsim.gui.menu-2.10.5] startup
[5.222s] [ext: isaacsim.gui.property-1.6.4] startup
[5.230s] [ext: omni.kit.viewport.actions-110.0.0] startup
[5.234s] [ext: omni.kit.viewport.menubar.display-107.1.3] startup
[5.236s] [ext: isaacsim.gui.sensors.icon-2.2.1] startup
[5.240s] [ext: omni.behavior.scripting.core-110.1.0] startup
[5.243s] [ext: isaacsim.replicator.behavior-1.5.4] startup
[5.245s] [ext: isaacsim.replicator.experimental.domain_randomization-1.2.5] startup
[5.265s] [ext: isaacsim.replicator.domain_randomization-1.2.2] startup
[5.344s] [ext: isaacsim.replicator.writers-1.5.4] startup
[5.372s] [ext: isaacsim.robot.experimental.wheeled_robots-0.2.11] startup
[5.395s] [ext: isaacsim.robot.policy.examples-5.2.12] startup
[5.416s] [ext: isaacsim.robot.wheeled_robots-5.2.4] startup
[5.420s] [ext: isaacsim.robot.wheeled_robots.nodes-0.1.5] startup
[5.446s] [ext: isaacsim.robot_motion.experimental.motion_generation-6.1.3] startup
[5.458s] [ext: isaacsim.robot_motion.cumotion-1.3.1] startup
[5.472s] [ext: omni.kit.numpy.common-0.1.3] startup
[5.474s] [ext: isaacsim.sensors.camera-1.7.9] startup
[5.502s] [ext: isaacsim.sensors.experimental.physics-3.0.2] startup
[5.511s] [ext: omni.sensors.net-1.0.1] startup
[5.518s] [ext: omni.sensors.nv.common-3.0.0] startup
[5.533s] [ext: omni.sensors.nv.materials-2.0.0] startup
[5.536s] [ext: omni.sensors.nv.acoustic-3.0.0] startup
[5.540s] [ext: omni.sensors.nv.ids-2.0.1] startup
[5.542s] [ext: omni.sensors.nv.lidar-3.0.0] startup
[5.547s] [ext: omni.sensors.nv.radar-3.0.0] startup
[5.551s] [ext: isaacsim.sensors.experimental.rtx-1.4.6] startup
[5.763s] [ext: isaacsim.sensors.physics.nodes-1.5.3] startup
[5.772s] [ext: isaacsim.util.debug_draw-3.2.3] startup
[5.778s] [ext: isaacsim.sensors.physx-2.5.5] startup
[5.788s] [ext: isaacsim.sensors.rtx-15.17.1] startup
[5.803s] [ext: isaacsim.simulation_app-2.18.4] startup
[5.803s] [ext: omni.anim.curve.core-1.6.0] startup
[5.815s] [ext: omni.graph.ui_nodes-2.11.1] startup
[5.897s] [ext: omni.hydra.scene_api-0.1.3] startup
[5.902s] [ext: omni.kit.manipulator.camera-110.0.0] startup
[5.906s] [ext: omni.kit.manipulator.selector-1.1.4] startup
[5.908s] [ext: omni.kit.manipulator.transform-107.0.0] startup
[5.913s] [ext: omni.kit.widget.toolbar-2.1.0] startup
[5.919s] [ext: omni.kit.manipulator.tool.snap-1.5.14] startup
[5.923s] [ext: omni.kit.viewport.manipulator.transform-107.0.4] startup
[5.926s] [ext: omni.kit.manipulator.prim.core-108.0.2] startup
[5.932s] [ext: omni.kit.manipulator.prim.usd-107.0.3] startup
[5.933s] [ext: omni.kit.manipulator.prim-108.0.0] startup
[5.934s] [ext: omni.kit.manipulator.selection-109.0.1] startup
[5.935s] [ext: omni.kit.menu.create-2.0.2] startup
[5.937s] [ext: omni.kit.property.audio-1.0.16] startup
[5.941s] [ext: omni.kit.property.camera-1.0.14] startup
[5.943s] [ext: omni.kit.property.geometry-2.1.2] startup
[5.946s] [ext: omni.kit.property.light-1.0.14] startup
2026-09-28T08:42:14Z [5,935ms] [Warning] [omni.usd] Encountered USD Warnings but USD Diagnostics are currently muted. To view USD Warnings, please set the '/persistent/app/usd/muteUsdDiagnostics' setting to false in Preferences page.
[5.989s] [ext: omni.kit.property.material-1.14.6] startup
[5.994s] [ext: omni.kit.property.render-1.2.2] startup
[5.996s] [ext: omni.kit.property.transform-1.6.9] startup
[6.000s] [ext: omni.kit.property.bundle-1.5.1] startup
[6.001s] [ext: omni.kit.usdz_export-1.1.0] startup
[6.004s] [ext: omni.kit.tool.asset_importer-6.0.1] startup
[6.010s] [ext: omni.kit.ui.actions-1.0.5] startup
[6.012s] [ext: omni.kit.viewport.menubar.camera-107.0.10] startup
[6.017s] [ext: omni.kit.viewport.menubar.lighting-107.3.2] startup
[6.020s] [ext: omni.kit.viewport.menubar.render-110.0.0] startup
[6.023s] [ext: omni.kit.viewport.menubar.settings-110.0.1] startup
[6.026s] [ext: omni.kit.window.console-1.1.9] startup
[6.031s] [ext: omni.kit.window.status_bar-0.1.11] startup
[6.034s] [ext: omni.kit.window.toolbar-3.0.3] startup
[6.037s] [ext: omni.ocio-0.1.1] startup
[6.038s] [ext: omni.physx.commands-110.1.13] startup
[6.041s] [ext: omni.replicator.replicator_yaml-2.0.12] startup
[6.054s] [ext: omni.rtx.window.settings-0.8.0] startup
[6.059s] [ext: omni.rtx.settings.core-0.7.1] startup
[6.062s] [ext: omni.usd.metrics.assembler.ui-110.1.1] startup
[6.070s] [ext: semantics.schema.editor-2.0.2] startup
[6.073s] [ext: semantics.schema.property-2.0.2] startup
[6.075s] [ext: omni.kit.menu.common-2.0.2] startup
[6.076s] [ext: isaacsim.exp.base-6.0.1] startup
[6.076s] [ext: isaacsim.exp.base.python-6.0.1] startup
[6.079s] Simulation App Starting
2026-09-28T08:42:14Z [6,104ms] [Warning] [carb.audio.device] audio device is misconfigured or broken {deviceIndex = 0, name = 'default'} (The device is likely misconfigured, check your $HOME/.asoundrc)
2026-09-28T08:42:14Z [6,105ms] [Warning] [carb.audio.output] failed to retrieve the capabilities for device 0 {result = eDeviceLost (2)}
2026-09-28T08:42:14Z [6,105ms] [Warning] [carb.audio.context] failed to set the requested output during context creation.  Using a null streamer instead {result = eDeviceLost (2)}
[7.441s] Simulation App Startup Complete
[7.453s] app ready
Starting kit application with the following args:  ['/root/autodl-tmp/envs/isaacsim-clean/lib/python3.12/site-packages/isaacsim/exts/isaacsim.simulation_app/isaacsim/simulation_app/simulation_app.py', '/root/autodl-tmp/envs/isaacsim-clean/lib/python3.12/site-packages/isaacsim/apps/isaacsim.exp.base.python.kit', '--/app/tokens/exe-path=/root/autodl-tmp/envs/isaacsim-clean/lib/python3.12/site-packages/isaacsim/kit', '--/persistent/app/viewport/displayOptions=3094', '--/rtx/materialDb/syncLoads=True', '--/rtx/hydra/materialSyncLoads=True', '--/omni/kit/plugin/syncUsdLoads=True', '--/app/renderer/resolution/width=1280', '--/app/renderer/resolution/height=720', '--/app/window/width=1440', '--/app/window/height=900', '--/renderer/multiGpu/enabled=True', '--/app/fastShutdown=True', '--/app/installSignalHandlers=0', '--ext-folder', '/root/autodl-tmp/envs/isaacsim-clean/lib/python3.12/site-packages/isaacsim/exts', '--ext-folder', '/root/autodl-tmp/envs/isaacsim-clean/lib/python3.12/site-packages/isaacsim/apps', '--/physics/cudaDevice=0', '--/plugins/carb.tasking.plugin/threadCount=32', '--/plugins/omni.tbb.globalcontrol/maxThreadCount=32', '--portable', '--no-window', '--/app/window/hideUi=1', '--allow-root']
Passing the following args to the base kit application:  ['--output', 'probe_02']
Warp 1.13.0 initialized:
   CUDA Toolkit 12.9, Driver 13.2
   Devices:
     "cpu"      : "x86_64"
     "cuda:0"   : "NVIDIA RTX PRO 6000 Blackwell Server Edition" (95 GiB, sm_120, mempool enabled)
   Kernel cache:
     /root/autodl-tmp/cache/xdg/warp/1.13.0
PROBE_COMPLETE
[11.295s] Simulation App Shutting Down
