WARNING: All log messages before absl::InitializeLog() is called are written to STDERR
E0000 00:00:1790584861.876270   39516 descriptor_database.cc:633] File already exists in database: grpc/health/v1/health.proto
W0000 00:00:1790584861.876307   39516 message.cc:301] Protobuf GeneratedMessageFactory: File is already registered: grpc/health/v1/health.proto
2026-09-28T08:41:01Z [Info] [carb] Logging to file: /root/autodl-tmp/envs/isaacsim-clean/lib/python3.12/site-packages/isaacsim/kit/logs/Kit/Isaac-Sim Python/6.0/kit_20260928_164101.log
[0.077s] [ext: omni.assets.plugins-0.0.0] startup
[0.079s] [ext: omni.blobkey-1.1.2] startup
[0.079s] [ext: omni.kit.async_engine-0.0.3] startup
[0.187s] [ext: omni.client.lib-1.1.1] startup
[0.200s] [ext: omni.client-1.3.0] startup
[0.206s] [ext: omni.protobuf.lib-1.0.0] startup
[0.207s] [ext: omni.grpc.lib-1.0.0] startup
[0.215s] [ext: omni.metrics.core-0.0.3] startup
[0.215s] [ext: omni.datastore-0.0.0] startup
[0.216s] [ext: omni.gpu_foundation.shadercache.vulkan-1.0.0] startup
[0.218s] [ext: omni.hsscclient-1.1.4] startup
[0.218s] [ext: omni.stats-1.0.1] startup
[0.219s] [ext: omni.ujitso.default-1.0.0] startup
[0.224s] [ext: omni.gpu_foundation-0.0.0] startup
[0.481s] [ext: carb.windowing.plugins-1.0.1] startup
[0.481s] [ext: omni.kit.renderer.init-1.0.1] startup
2026-09-28T08:41:02Z [524ms] [Warning] [omni.platforminfo.plugin] failed to open the default display.  Can't verify X Server version.

|---------------------------------------------------------------------------------------------|
| Driver Version: 595.71.05     | Graphics API: Vulkan
|=============================================================================================|
| GPU | Name                             | Active | LDA | GPU Memory | Vendor-ID | LUID       |
|     |                                  |        |     |            | Device-ID | UUID       |
|     |                                  |        |     |            | Bus-ID    |            |
|---------------------------------------------------------------------------------------------|
| 0   | NVIDIA RTX PRO 6000 Blackwell .. | Yes: 0 |     | 97887   MB | 10de      | 0          |
|     |                                  |        |     |            | 2bb5      | 6c84d4ca.. |
|     |                                  |        |     |            | a8        |            |
|=============================================================================================|
| OS: 22.04.5 LTS (Jammy Jellyfish) ubuntu, Version: 22.04.5, Kernel: 5.15.0-78-generic
| Processor: Intel(R) Xeon(R) Platinum 8470Q
| Bare Metal Cores: 104 | Bare Metal Logical Cores: 208
| Core Usage Quota: 22
|---------------------------------------------------------------------------------------------|
| Total Memory (MB): 112640 | Free Memory: 101009
| Total Page/Swap (MB): 0 | Free Page/Swap: 0
|---------------------------------------------------------------------------------------------|
2026-09-28T08:41:03Z [1,413ms] [Warning] [omni.rtx] CPU performance profile is set to powersave. This profile sets the CPU to the lowest frequency reducing performance.
[1.724s] [ext: omni.kit.pipapi-0.0.0] startup
[1.725s] [ext: omni.kit.telemetry-0.5.2] startup
[1.757s] [ext: omni.kit.loop-isaac-1.6.0] startup
[1.758s] [ext: omni.kit.test-2.0.7] startup
[1.815s] [ext: omni.materialx.libs-1.0.9] startup
[1.822s] [ext: omni.gpucompute.plugins-0.0.0] startup
[1.823s] [ext: omni.usd.config-1.0.7] startup
[1.826s] [ext: omni.usd.libs-1.0.3] startup
[1.929s] [ext: omni.iray.libs-0.0.1] startup
[1.936s] [ext: omni.mdl-57.0.3] startup
[1.993s] [ext: omni.mdl.neuraylib-0.2.20] startup
[1.995s] [ext: omni.kit.usd.mdl-1.1.9] startup
[2.117s] [ext: omni.appwindow-1.2.2] startup
[2.120s] [ext: omni.kit.renderer.core-1.2.2] startup
2026-09-28T08:41:03Z [2,092ms] [Warning] [carb.windowing-glfw.plugin] GLFW initialization failed.
2026-09-28T08:41:03Z [2,092ms] [Warning] [carb] Failed to startup plugin carb.windowing-glfw.plugin (interfaces: [carb::windowing::IGLContext v1.0],[carb::windowing::IWindowing v1.5]) (impl: carb.windowing-glfw.plugin)
[2.155s] [ext: omni.kit.renderer.capture-2.0.1] startup
[2.157s] [ext: omni.kit.renderer.imgui-2.0.6] startup
2026-09-28T08:41:03Z [2,115ms] [Warning] [carb.windowing-glfw.plugin] GLFW initialization failed.
2026-09-28T08:41:03Z [2,115ms] [Warning] [carb] Failed to startup plugin carb.windowing-glfw.plugin (interfaces: [carb::windowing::IGLContext v1.0],[carb::windowing::IWindowing v1.5]) (impl: carb.windowing-glfw.plugin)
2026-09-28T08:41:03Z [2,117ms] [Warning] [carb.windowing-glfw.plugin] GLFW initialization failed.
2026-09-28T08:41:03Z [2,117ms] [Warning] [carb] Failed to startup plugin carb.windowing-glfw.plugin (interfaces: [carb::windowing::IGLContext v1.0],[carb::windowing::IWindowing v1.5]) (impl: carb.windowing-glfw.plugin)
[2.230s] [ext: omni.ui-3.2.0] startup
[2.241s] [ext: omni.kit.mainwindow-1.0.3] startup
[2.242s] [ext: carb.audio-0.1.0] startup
[2.270s] [ext: omni.uiaudio-1.0.0] startup
[2.270s] [ext: omni.kit.uiapp-0.0.0] startup
[2.271s] [ext: omni.usd.schema.metrics.assembler-110.1.0] startup
[2.273s] [ext: omni.usd.schema.audio-0.0.1] startup
[2.277s] [ext: omni.usd_resolver-1.0.0] startup
[2.281s] [ext: omni.usd.core-1.8.3] startup
[2.285s] [ext: omni.metropolis.schema-0.0.3] startup
[2.285s] [ext: isaacsim.anim.robot.schema-0.1.1] startup
[2.286s] [ext: omni.usd.schema.anim-0.0.1] startup
[2.306s] [ext: omni.usd.schema.geospatial-0.0.1] startup
[2.308s] [ext: omni.usd.schema.omnigraph-1.0.1] startup
[2.314s] [ext: omni.usd.schema.semantics-0.0.0] startup
[2.317s] [ext: omni.activity.core-1.0.3] startup
[2.318s] [ext: omni.cubric-0.1.0] startup
[2.318s] [ext: omni.graph.exec-0.9.6] startup
[2.318s] [ext: omni.hydra.scene_delegate-0.3.5] startup
[2.322s] [ext: usdrt.scenegraph-7.6.3] startup
[2.350s] [ext: omni.hydra.usdrt_delegate-7.5.2] startup
[2.356s] [ext: omni.inspect-1.0.2] startup
[2.357s] [ext: omni.kit.actions.core-1.0.0] startup
[2.359s] [ext: omni.kit.audiodeviceenum-1.0.2] startup
[2.360s] [ext: omni.kit.commands-1.5.0] startup
[2.364s] [ext: omni.kit.exec.core-0.13.5] startup
[2.365s] [ext: omni.kit.usd_undo-0.1.8] startup
[2.366s] [ext: omni.kit.window.popup_dialog-2.0.25] startup
[2.369s] [ext: omni.kit.widget.nucleus_connector-2.3.1] startup
[2.372s] [ext: omni.timeline-1.1.0] startup
[2.374s] [ext: omni.usd-1.16.0] startup
[2.418s] [ext: omni.graph.core-3.1.2] startup
[2.422s] [ext: omni.kit.notification_manager-1.0.11] startup
[2.423s] [ext: isaacsim.core.deprecation_manager-0.4.2] startup
[2.424s] [ext: isaacsim.replicator.agent.schema-0.1.1] startup
[2.425s] [ext: isaacsim.robot.schema-6.3.7] startup
[2.431s] [ext: isaacsim.robot_motion.schema-0.2.1] startup
[2.431s] [ext: omni.anim.behavior.schema-110.1.0] startup
[2.435s] [ext: omni.anim.graph.schema-110.1.1] startup
[2.441s] [ext: omni.anim.navigation.schema-110.1.0] startup
[2.445s] [ext: omni.behavior.tree.schema-110.1.0] startup
[2.445s] [ext: omni.kit.asset_converter-6.0.1] startup
[2.461s] [ext: omni.usd.schema.flow-110.0.0] startup
[2.462s] [ext: omni.usd.schema.mujoco-1.1.1] startup
[2.462s] [ext: omni.usd.schema.newton-1.2.1] startup
[2.463s] [ext: omni.usd.schema.omni_lens_distortion-1.0.0] startup
[2.463s] [ext: omni.usd.schema.omni_projectors-1.0.0] startup
[2.463s] [ext: omni.usd.schema.omni_sensors-0.0.0] startup
[2.471s] [ext: omni.usd.schema.omniscripting-1.0.1] startup
[2.475s] [ext: omni.usd.schema.physical_lighting-0.1.0] startup
[2.479s] [ext: omni.usd.schema.physx-110.1.13] startup
[2.511s] [ext: omni.usd.schema.render_settings.rtx-1.0.2] startup
[2.515s] [ext: omni.usd.schema.usd_particle_field-1.0.0] startup
[2.515s] [ext: isaacsim.core.version-2.1.1] startup
[2.516s] [ext: omni.kit.menu.core-1.2.0] startup
[2.516s] [ext: omni.kit.menu.utils-2.2.4] startup
[2.523s] [ext: isaacsim.app.about-2.3.1] startup
[2.528s] [ext: isaacsim.asset.transformer-1.2.5] startup
[2.531s] [ext: omni.scene.optimizer.core-110.1.0] startup
[2.588s] [ext: isaacsim.asset.importer.utils-1.8.1] startup
[2.590s] [ext: omni.convexdecomposition-110.1.13] startup
[2.592s] [ext: omni.physics-110.1.13] startup
[2.595s] [ext: omni.physx.gpu-110.1.13] startup
[2.595s] [ext: omni.physx.foundation-110.1.13] startup
[2.596s] [ext: omni.usdphysics-110.1.13] startup
[2.598s] [ext: omni.physx.cooking-110.1.13] startup
[2.601s] [ext: omni.physx-110.1.13] startup
[2.610s] [ext: omni.physics.physx-110.1.13] startup
[2.613s] [ext: isaacsim.asset.exporter.urdf-2.0.5] startup
[2.620s] [ext: omni.kit.clipboard-1.1.1] startup
[2.621s] [ext: omni.kit.usd.layers-2.6.1] startup
[2.628s] [ext: omni.kit.widget.context_menu-1.4.0] startup
[2.629s] [ext: omni.kit.context_menu-1.9.0] startup
[2.631s] [ext: omni.kit.helper.file_utils-0.1.10] startup
[2.632s] [ext: omni.kit.widget.nucleus_info-2.0.2] startup
[2.633s] [ext: omni.kit.search_core-1.0.8] startup
[2.633s] [ext: omni.kit.widget.path_field-2.0.13] startup
[2.634s] [ext: omni.kit.widget.browser_bar-2.0.10] startup
[2.634s] [ext: omni.kit.widget.filebrowser-2.13.4] startup
[2.639s] [ext: omni.kit.widget.options_menu-1.1.6] startup
[2.641s] [ext: omni.kit.widget.options_button-1.0.3] startup
[2.642s] [ext: omni.kit.widget.search_delegate-1.0.9] startup
[2.643s] [ext: omni.ui.scene-2.0.3] startup
[2.647s] [ext: omni.kit.window.filepicker-2.15.5] startup
[2.659s] [ext: omni.kit.window.file_importer-1.1.21] startup
[2.661s] [ext: omni.kit.material.library-3.1.2] startup
[2.666s] [ext: isaacsim.asset.transformer.rules-1.7.10] startup
[2.676s] [ext: omni.usdex.libs-2.2.2] startup
[2.685s] [ext: isaacsim.asset.importer.mjcf-3.10.1] startup
[2.687s] [ext: isaacsim.asset.importer.urdf-3.11.2] startup
[2.690s] [ext: omni.kit.primitive.mesh-1.1.0] startup
[2.693s] [ext: omni.kit.stage_template.core-1.1.22] startup
[2.693s] [ext: omni.kit.stage_templates-2.0.2] startup
[2.695s] [ext: omni.usd.metrics.assembler-110.1.2] startup
[2.698s] [ext: omni.warp.core-1.13.0] startup
[2.877s] [ext: isaacsim.core.experimental.utils-0.17.2] startup
[2.878s] [ext: omni.physics.stageupdate-110.1.13] startup
[2.880s] [ext: omni.physics.tensors-110.1.13] startup
[2.884s] [ext: omni.physx.tensors-110.1.13] startup
[2.888s] [ext: isaacsim.core.simulation_manager-1.15.6] startup
[2.902s] [ext: isaacsim.storage.native-1.9.3] startup
[2.903s] [ext: omni.usd.metrics.assembler.physics-110.1.13] startup
[2.904s] [ext: isaacsim.core.utils-4.1.7] startup
[2.907s] [ext: isaacsim.core.prims-0.11.7] startup
[4.181s] [ext: isaacsim.core.api-5.2.13] startup
[4.190s] [ext: isaacsim.core.cloner-1.7.3] startup
[4.192s] [ext: isaacsim.test.docstring-1.3.2] startup
[4.196s] [ext: isaacsim.core.experimental.prims-1.8.9] startup
[4.221s] [ext: isaacsim.core.experimental.primdata-0.3.2] startup
[4.224s] [ext: omni.graph.tools-1.81.0] startup
[4.248s] [ext: omni.graph-1.142.5] startup
[4.288s] [ext: isaacsim.core.experimental.actuators-0.1.2] startup
[4.308s] [ext: isaacsim.core.experimental.materials-0.7.1] startup
[4.312s] [ext: isaacsim.core.experimental.objects-0.8.1] startup
[4.380s] [ext: omni.hydra.engine.stats-1.0.5] startup
[4.384s] [ext: omni.hydra.rtx.shadercache.vulkan-1.0.0] startup
[4.386s] [ext: omni.index.libs-387500.4413.0] startup
[4.386s] [ext: omni.index-1.0.1] startup
[4.387s] [ext: omni.ujitso.client-0.0.0] startup
[4.387s] [ext: omni.usd.schema.playback-1.0.0] startup
[4.391s] [ext: omni.volume-0.5.2] startup
[4.397s] [ext: omni.hydra.rtx-1.0.4] startup
2026-09-28T08:41:06Z [4,372ms] [Warning] [omni.log] Source: omni.hydra was already registered.
[4.446s] [ext: omni.kit.hydra_texture-1.6.0] startup
[4.451s] [ext: omni.kit.raycast.query-1.2.0] startup
[4.457s] [ext: omni.kit.viewport.legacy_gizmos-1.0.24] startup
[4.461s] [ext: omni.kit.viewport.registry-104.0.6] startup
[4.462s] [ext: omni.kit.viewport.scene_camera_model-1.0.7] startup
[4.467s] [ext: omni.kit.widget.viewport-109.2.0] startup
[4.473s] [ext: omni.kit.window.drop_support-1.0.8] startup
[4.474s] [ext: omni.kit.viewport.window-109.0.2] startup
[4.495s] [ext: omni.kit.viewport.utility-2.0.1] startup
[4.496s] [ext: isaacsim.core.rendering_manager-0.4.3] startup
[4.515s] [ext: omni.graph.action_core-1.1.9] startup
[4.518s] [ext: omni.graph.action_nodes_core-2.11.0] startup
[4.521s] [ext: omni.graph.action_nodes-2.11.0] startup
[4.561s] [ext: omni.graph.action-2.10.2] startup
[4.564s] [ext: omni.graph.image.core-0.6.1] startup
[4.565s] [ext: omni.graph.image.nodes-1.3.1] startup
[4.566s] [ext: omni.graph.nodes_core-2.11.0] startup
[4.573s] [ext: omni.graph.nodes-2.12.0] startup
[4.581s] [ext: omni.kit.hotkeys.core-1.3.12] startup
[4.582s] [ext: omni.kit.property.adapter.core-1.1.1] startup
[4.585s] [ext: omni.kit.property.adapter.usd-1.0.5] startup
[4.586s] [ext: omni.kit.widget.filter-1.1.5] startup
[4.588s] [ext: omni.kit.widget.highlight_label-1.0.3] startup
[4.589s] [ext: omni.kit.widget.searchfield-1.1.8] startup
[4.590s] [ext: omni.kit.window.file_exporter-1.0.36] startup
[4.592s] [ext: omni.kit.widget.stage-4.4.0] startup
[4.602s] [ext: omni.kit.window.content_browser_registry-0.0.6] startup
[4.603s] [ext: omni.kit.window.file-2.0.10] startup
[4.607s] [ext: omni.kit.window.content_browser-3.1.8] startup
[4.620s] [ext: omni.kit.window.property-1.15.1] startup
[4.634s] [ext: omni.kit.property.usd-4.9.4] startup
[4.646s] [ext: omni.graph.scriptnode-2.10.2] startup
[4.658s] [ext: omni.kit.widget.searchable_combobox-1.0.7] startup
[4.660s] [ext: omni.kit.widget.settings-2.0.0] startup
[4.662s] [ext: omni.kit.window.preferences-1.8.3] startup
[4.667s] [ext: omni.kit.viewport.menubar.core-107.2.2] startup
[4.681s] [ext: omni.syntheticdata-0.6.15] startup
[4.724s] [ext: omni.replicator.nv-1.1.1] startup
[4.732s] [ext: omni.videoencoding-0.2.1] startup
[4.734s] [ext: omni.replicator.core-1.13.27] startup
2026-09-28T08:41:06Z [4,699ms] [Warning] [pxr.Semantics] pxr.Semantics is deprecated - please use Semantics instead
2026-09-28T08:41:06Z [4,788ms] [Warning] [omni.replicator.core.scripts.extension] No material configuration file, adding configuration to material settings directly.
[4.998s] [ext: isaacsim.core.nodes-5.10.5] startup
[5.040s] [ext: isaacsim.core.throttling-2.3.5] startup
[5.042s] [ext: omni.kit.manipulator.viewport-107.0.1] startup
[5.043s] [ext: omni.graph.visualization.nodes-2.1.4] startup
[5.062s] [ext: omni.kit.window.extensions-1.5.10] startup
[5.068s] [ext: isaacsim.gui.components-1.8.5] startup
[5.073s] [ext: isaacsim.robot.surface_gripper-3.6.2] startup
[5.088s] [ext: isaacsim.robot.manipulators-3.4.4] startup
[5.101s] [ext: isaacsim.robot_motion.lula-4.1.3] startup
[5.109s] [ext: isaacsim.robot_motion.motion_generation-8.2.9] startup
[5.116s] [ext: isaacsim.cortex.framework-1.0.18] startup
[5.118s] [ext: isaacsim.cortex.behaviors-2.0.17] startup
[5.120s] [ext: isaacsim.examples.base-1.3.2] startup
[5.122s] [ext: omni.kit.widget.zoombar-1.0.7] startup
[5.123s] [ext: omni.kit.browser.core-2.3.18] startup
[5.131s] [ext: omni.kit.browser.folder.core-2.0.2] startup
[5.137s] [ext: omni.kit.widget.stage_icons-1.0.8] startup
[5.139s] [ext: omni.kit.window.stage-2.6.1] startup
[5.143s] [ext: omni.kit.menu.stage-1.2.7] startup
[5.145s] [ext: omni.kit.usd.collect-3.0.6] startup
[5.149s] [ext: omni.kit.widget.prompt-1.0.7] startup
[5.150s] [ext: omni.kit.tool.collect-2.2.19] startup
[5.153s] [ext: isaacsim.examples.browser-0.3.2] startup
[5.156s] [ext: omni.kit.search.files-1.0.4] startup
[5.157s] [ext: omni.kit.widget.calendar-1.0.9] startup
[5.159s] [ext: omni.kit.widget.extended_searchfield-1.0.31] startup
[5.169s] [ext: omni.simready.content.browser-0.3.7] startup
[5.267s] [ext: isaacsim.gui.content_browser-0.4.3] startup
[5.271s] [ext: omni.kit.selection-0.1.6] startup
[5.273s] [ext: isaacsim.gui.menu-2.10.5] startup
[5.283s] [ext: isaacsim.gui.property-1.6.4] startup
[5.291s] [ext: omni.kit.viewport.actions-110.0.0] startup
[5.296s] [ext: omni.kit.viewport.menubar.display-107.1.3] startup
[5.298s] [ext: isaacsim.gui.sensors.icon-2.2.1] startup
[5.302s] [ext: omni.behavior.scripting.core-110.1.0] startup
[5.305s] [ext: isaacsim.replicator.behavior-1.5.4] startup
[5.306s] [ext: isaacsim.replicator.experimental.domain_randomization-1.2.5] startup
[5.328s] [ext: isaacsim.replicator.domain_randomization-1.2.2] startup
[5.415s] [ext: isaacsim.replicator.writers-1.5.4] startup
[5.447s] [ext: isaacsim.robot.experimental.wheeled_robots-0.2.11] startup
[5.470s] [ext: isaacsim.robot.policy.examples-5.2.12] startup
[5.491s] [ext: isaacsim.robot.wheeled_robots-5.2.4] startup
[5.496s] [ext: isaacsim.robot.wheeled_robots.nodes-0.1.5] startup
[5.523s] [ext: isaacsim.robot_motion.experimental.motion_generation-6.1.3] startup
[5.534s] [ext: isaacsim.robot_motion.cumotion-1.3.1] startup
[5.549s] [ext: omni.kit.numpy.common-0.1.3] startup
[5.550s] [ext: isaacsim.sensors.camera-1.7.9] startup
[5.579s] [ext: isaacsim.sensors.experimental.physics-3.0.2] startup
[5.588s] [ext: omni.sensors.net-1.0.1] startup
[5.595s] [ext: omni.sensors.nv.common-3.0.0] startup
[5.610s] [ext: omni.sensors.nv.materials-2.0.0] startup
[5.614s] [ext: omni.sensors.nv.acoustic-3.0.0] startup
[5.618s] [ext: omni.sensors.nv.ids-2.0.1] startup
[5.620s] [ext: omni.sensors.nv.lidar-3.0.0] startup
[5.625s] [ext: omni.sensors.nv.radar-3.0.0] startup
[5.628s] [ext: isaacsim.sensors.experimental.rtx-1.4.6] startup
[5.844s] [ext: isaacsim.sensors.physics.nodes-1.5.3] startup
[5.852s] [ext: isaacsim.util.debug_draw-3.2.3] startup
[5.859s] [ext: isaacsim.sensors.physx-2.5.5] startup
[5.869s] [ext: isaacsim.sensors.rtx-15.17.1] startup
[5.882s] [ext: isaacsim.simulation_app-2.18.4] startup
[5.883s] [ext: omni.anim.curve.core-1.6.0] startup
[5.894s] [ext: omni.graph.ui_nodes-2.11.1] startup
[5.930s] [ext: omni.hydra.scene_api-0.1.3] startup
[5.987s] [ext: omni.kit.manipulator.camera-110.0.0] startup
[5.992s] [ext: omni.kit.manipulator.selector-1.1.4] startup
[5.993s] [ext: omni.kit.manipulator.transform-107.0.0] startup
[5.998s] [ext: omni.kit.widget.toolbar-2.1.0] startup
[6.005s] [ext: omni.kit.manipulator.tool.snap-1.5.14] startup
[6.009s] [ext: omni.kit.viewport.manipulator.transform-107.0.4] startup
[6.011s] [ext: omni.kit.manipulator.prim.core-108.0.2] startup
[6.018s] [ext: omni.kit.manipulator.prim.usd-107.0.3] startup
[6.020s] [ext: omni.kit.manipulator.prim-108.0.0] startup
[6.020s] [ext: omni.kit.manipulator.selection-109.0.1] startup
[6.021s] [ext: omni.kit.menu.create-2.0.2] startup
[6.023s] [ext: omni.kit.property.audio-1.0.16] startup
[6.028s] [ext: omni.kit.property.camera-1.0.14] startup
[6.029s] [ext: omni.kit.property.geometry-2.1.2] startup
[6.033s] [ext: omni.kit.property.light-1.0.14] startup
2026-09-28T08:41:07Z [6,024ms] [Warning] [omni.usd] Encountered USD Warnings but USD Diagnostics are currently muted. To view USD Warnings, please set the '/persistent/app/usd/muteUsdDiagnostics' setting to false in Preferences page.
[6.079s] [ext: omni.kit.property.material-1.14.6] startup
[6.087s] [ext: omni.kit.property.render-1.2.2] startup
[6.088s] [ext: omni.kit.property.transform-1.6.9] startup
[6.092s] [ext: omni.kit.property.bundle-1.5.1] startup
[6.094s] [ext: omni.kit.usdz_export-1.1.0] startup
[6.097s] [ext: omni.kit.tool.asset_importer-6.0.1] startup
[6.102s] [ext: omni.kit.ui.actions-1.0.5] startup
[6.104s] [ext: omni.kit.viewport.menubar.camera-107.0.10] startup
[6.109s] [ext: omni.kit.viewport.menubar.lighting-107.3.2] startup
[6.112s] [ext: omni.kit.viewport.menubar.render-110.0.0] startup
[6.115s] [ext: omni.kit.viewport.menubar.settings-110.0.1] startup
[6.118s] [ext: omni.kit.window.console-1.1.9] startup
[6.123s] [ext: omni.kit.window.status_bar-0.1.11] startup
[6.126s] [ext: omni.kit.window.toolbar-3.0.3] startup
[6.128s] [ext: omni.ocio-0.1.1] startup
[6.130s] [ext: omni.physx.commands-110.1.13] startup
[6.133s] [ext: omni.replicator.replicator_yaml-2.0.12] startup
[6.147s] [ext: omni.rtx.window.settings-0.8.0] startup
[6.152s] [ext: omni.rtx.settings.core-0.7.1] startup
[6.155s] [ext: omni.usd.metrics.assembler.ui-110.1.1] startup
[6.162s] [ext: semantics.schema.editor-2.0.2] startup
[6.166s] [ext: semantics.schema.property-2.0.2] startup
[6.167s] [ext: omni.kit.menu.common-2.0.2] startup
[6.169s] [ext: isaacsim.exp.base-6.0.1] startup
[6.169s] [ext: isaacsim.exp.base.python-6.0.1] startup
[6.172s] Simulation App Starting
2026-09-28T08:41:07Z [6,197ms] [Warning] [carb.audio.device] audio device is misconfigured or broken {deviceIndex = 0, name = 'default'} (The device is likely misconfigured, check your $HOME/.asoundrc)
2026-09-28T08:41:07Z [6,197ms] [Warning] [carb.audio.output] failed to retrieve the capabilities for device 0 {result = eDeviceLost (2)}
2026-09-28T08:41:07Z [6,197ms] [Warning] [carb.audio.context] failed to set the requested output during context creation.  Using a null streamer instead {result = eDeviceLost (2)}
[7.413s] Simulation App Startup Complete
[7.425s] app ready
Starting kit application with the following args:  ['/root/autodl-tmp/envs/isaacsim-clean/lib/python3.12/site-packages/isaacsim/exts/isaacsim.simulation_app/isaacsim/simulation_app/simulation_app.py', '/root/autodl-tmp/envs/isaacsim-clean/lib/python3.12/site-packages/isaacsim/apps/isaacsim.exp.base.python.kit', '--/app/tokens/exe-path=/root/autodl-tmp/envs/isaacsim-clean/lib/python3.12/site-packages/isaacsim/kit', '--/persistent/app/viewport/displayOptions=3094', '--/rtx/materialDb/syncLoads=True', '--/rtx/hydra/materialSyncLoads=True', '--/omni/kit/plugin/syncUsdLoads=True', '--/app/renderer/resolution/width=1280', '--/app/renderer/resolution/height=720', '--/app/window/width=1440', '--/app/window/height=900', '--/renderer/multiGpu/enabled=True', '--/app/fastShutdown=True', '--/app/installSignalHandlers=0', '--ext-folder', '/root/autodl-tmp/envs/isaacsim-clean/lib/python3.12/site-packages/isaacsim/exts', '--ext-folder', '/root/autodl-tmp/envs/isaacsim-clean/lib/python3.12/site-packages/isaacsim/apps', '--/physics/cudaDevice=0', '--/plugins/carb.tasking.plugin/threadCount=32', '--/plugins/omni.tbb.globalcontrol/maxThreadCount=32', '--portable', '--no-window', '--/app/window/hideUi=1', '--allow-root']
Passing the following args to the base kit application:  ['--output', 'probe_01']
Warp 1.13.0 initialized:
   CUDA Toolkit 12.9, Driver 13.2
   Devices:
     "cpu"      : "x86_64"
     "cuda:0"   : "NVIDIA RTX PRO 6000 Blackwell Server Edition" (95 GiB, sm_120, mempool enabled)
   Kernel cache:
     /root/autodl-tmp/cache/xdg/warp/1.13.0
2026-09-28T08:41:09Z [8,018ms] [Error] [omni.kit.app._impl] [py stderr]: Traceback (most recent call last):
2026-09-28T08:41:09Z [8,018ms] [Error] [omni.kit.app._impl] [py stderr]:   File "/root/autodl-tmp/curobo-v2-20260928-effort/probe.py", line 95, in <module>
2026-09-28T08:41:09Z [8,018ms] [Error] [omni.kit.app._impl] [py stderr]:     main()
2026-09-28T08:41:09Z [8,018ms] [Error] [omni.kit.app._impl] [py stderr]:   File "/root/autodl-tmp/curobo-v2-20260928-effort/probe.py", line 55, in main
2026-09-28T08:41:09Z [8,018ms] [Error] [omni.kit.app._impl] [py stderr]:     articulation = Articulation("/Probe/base")
2026-09-28T08:41:09Z [8,018ms] [Error] [omni.kit.app._impl] [py stderr]:                    ^^^^^^^^^^^^^^^^^^^^^^^^^^^
2026-09-28T08:41:09Z [8,018ms] [Error] [omni.kit.app._impl] [py stderr]:   File "/root/autodl-tmp/envs/isaacsim-clean/lib/python3.12/site-packages/isaacsim/exts/isaacsim.core.experimental.prims/isaacsim/core/experimental/prims/impl/articulation.py", line 161, in __init__
2026-09-28T08:41:09Z [8,018ms] [Error] [omni.kit.app._impl] [py stderr]:     super().__init__(
2026-09-28T08:41:09Z [8,018ms] [Error] [omni.kit.app._impl] [py stderr]:   File "/root/autodl-tmp/envs/isaacsim-clean/lib/python3.12/site-packages/isaacsim/exts/isaacsim.core.experimental.prims/isaacsim/core/experimental/prims/impl/xform_prim.py", line 98, in __init__
2026-09-28T08:41:09Z [8,019ms] [Error] [omni.kit.app._impl] [py stderr]:     super().__init__(paths, resolve_paths=resolve_paths)
2026-09-28T08:41:09Z [8,019ms] [Error] [omni.kit.app._impl] [py stderr]:   File "/root/autodl-tmp/envs/isaacsim-clean/lib/python3.12/site-packages/isaacsim/exts/isaacsim.core.experimental.prims/isaacsim/core/experimental/prims/impl/prim.py", line 76, in __init__
2026-09-28T08:41:09Z [8,019ms] [Error] [omni.kit.app._impl] [py stderr]:     self._paths, nonexistent_paths = self.resolve_paths(self._raw_paths)
2026-09-28T08:41:09Z [8,019ms] [Error] [omni.kit.app._impl] [py stderr]:                                      ^^^^^^^^^^^^^^^^^^^^^^^^^^^^^^^^^^^
2026-09-28T08:41:09Z [8,019ms] [Error] [omni.kit.app._impl] [py stderr]:   File "/root/autodl-tmp/envs/isaacsim-clean/lib/python3.12/site-packages/isaacsim/exts/isaacsim.core.experimental.prims/isaacsim/core/experimental/prims/impl/prim.py", line 229, in resolve_paths
2026-09-28T08:41:09Z [8,019ms] [Error] [omni.kit.app._impl] [py stderr]:     result = prim_utils.find_matching_prim_paths(path)
2026-09-28T08:41:09Z [8,019ms] [Error] [omni.kit.app._impl] [py stderr]:              ^^^^^^^^^^^^^^^^^^^^^^^^^^^^^^^^^^^^^^^^^
2026-09-28T08:41:09Z [8,019ms] [Error] [omni.kit.app._impl] [py stderr]:   File "/root/autodl-tmp/envs/isaacsim-clean/lib/python3.12/site-packages/isaacsim/exts/isaacsim.core.experimental.utils/isaacsim/core/experimental/utils/impl/prim.py", line 249, in find_matching_prim_paths
2026-09-28T08:41:09Z [8,020ms] [Error] [omni.kit.app._impl] [py stderr]:     if Sdf.Path.IsValidPathString(path):
2026-09-28T08:41:09Z [8,020ms] [Error] [omni.kit.app._impl] [py stderr]:        ^^^^^^^^^^^^^^^^^^^^^^^^^^^^^^^^
2026-09-28T08:41:09Z [8,020ms] [Error] [omni.kit.app._impl] [py stderr]: Boost.Python.ArgumentError: Python argument types in
    Path.IsValidPathString(NoneType)
did not match C++ signature:
    IsValidPathString(std::__cxx11::basic_string<char, std::char_traits<char>, std::allocator<char> >)
2026-09-28T08:41:09Z [8,020ms] [Warning] [simulation_app.simulation_app] SimulationApp.close() was not called explicitly. Shutting down automatically
[8.153s] Simulation App Shutting Down
